
> hostinger-workspace-manager@0.0.0 test:run
> vitest run src/app/presentation/pages/dashboard/dashboard.page.integration.spec.ts


[1m[46m RUN [49m[22m [36mv4.0.17 [39m[90mC:/Dev/Projects/hostinger-workspace-manager[39m

 [31mΓ¥»[39m src/app/presentation/pages/dashboard/dashboard.page.integration.spec.ts [2m([22m[2m5 tests[22m[2m | [22m[31m5 failed[39m[2m)[22m[32m 7[2mms[22m[39m
[31m     [31m├ù[31m should create[39m[32m 3[2mms[22m[39m
[31m       [31m├ù[31m should display loading state initially[39m[32m 0[2mms[22m[39m
[31m       [31m├ù[31m should display dashboard content when stats loaded[39m[32m 0[2mms[22m[39m
[31m       [31m├ù[31m should trigger loadDashboard when refresh button is clicked[39m[32m 0[2mms[22m[39m
[31m       [31m├ù[31m should show warning text when issues (expiring items) exist[39m[32m 0[2mms[22m[39m
npm : 
En línea: 1 Carácter: 1
+ npm run test:run -- src/app/prese
ntation/pages/dashboard/dashboard.p
a ...
+ ~~~~~~~~~~~~~~~~~~~~~~~~~~~~~~~~~
~~~~~~~~~~~~~~~~~~~~~~~~~~~~~~~~~~~
~
    + CategoryInfo          : NotS 
   pecified: (:String) [], Remote  
  Exception
    + FullyQualifiedErrorId : Nati 
   veCommandError
 
[31mΓÄ»ΓÄ»ΓÄ»ΓÄ»ΓÄ»ΓÄ»ΓÄ»[39m[1m
[41m Failed Tests 5 [49m[22m[31
mΓÄ»ΓÄ»ΓÄ»ΓÄ»ΓÄ»ΓÄ»ΓÄ»[39m

[41m[1m FAIL [22m[49m src/app/p
resentation/pages/dashboard/dashboa
rd.page.integration.spec.ts[2m > 
[22mDashboardPage Integration 
Flows[2m > [22mshould create
[41m[1m FAIL [22m[49m src/app/p
resentation/pages/dashboard/dashboa
rd.page.integration.spec.ts[2m > 
[22mDashboardPage Integration 
Flows[2m > [22mFlow 1: Initial 
Render[2m > [22mshould display 
loading state initially
[41m[1m FAIL [22m[49m src/app/p
resentation/pages/dashboard/dashboa
rd.page.integration.spec.ts[2m > 
[22mDashboardPage Integration 
Flows[2m > [22mFlow 1: Initial 
Render[2m > [22mshould display 
dashboard content when stats loaded
[41m[1m FAIL [22m[49m src/app/p
resentation/pages/dashboard/dashboa
rd.page.integration.spec.ts[2m > 
[22mDashboardPage Integration 
Flows[2m > [22mFlow 2: Refresh 
Action[2m > [22mshould trigger 
loadDashboard when refresh button 
is clicked
[41m[1m FAIL [22m[49m src/app/p
resentation/pages/dashboard/dashboa
rd.page.integration.spec.ts[2m > 
[22mDashboardPage Integration 
Flows[2m > [22mFlow 3: Critical 
Issues Alert[2m > [22mshould 
show warning text when issues 
(expiring items) exist
[31m[1mError[22m: Component 
'DashboardPage' is not resolved:
 - templateUrl: 
./dashboard.page.html
 - styleUrl: ./dashboard.page.scss
Did you run and wait for 
'resolveComponentResources()'?[39m
[90m [2mΓ¥»[22m 
DashboardPage.get node_modules/@ang
ular/core/fesm2022/_debug_node-chun
k.mjs:[2m17805:17[22m[39m
[90m [2mΓ¥»[22m getComponentDef 
node_modules/@angular/core/fesm2022
/testing.mjs:[2m1154:16[22m[39m
[90m [2mΓ¥»[22m 
isStandaloneComponent node_modules/
@angular/core/fesm2022/testing.mjs:
[2m1150:15[22m[39m
[90m [2mΓ¥»[22m 
queueTypesFromModulesArrayRecur nod
e_modules/@angular/core/fesm2022/te
sting.mjs:[2m925:20[22m[39m
[90m [2mΓ¥»[22m TestBedCompiler.
queueTypesFromModulesArray node_mod
ules/@angular/core/fesm2022/testing
.mjs:[2m943:5[22m[39m
[90m [2mΓ¥»[22m TestBedCompiler.
configureTestingModule node_modules
/@angular/core/fesm2022/testing.mjs
:[2m567:12[22m[39m
[90m [2mΓ¥»[22m 
TestBedImpl.configureTestingModule 
node_modules/@angular/core/fesm2022
/testing.mjs:[2m1402:19[22m[39m
[90m [2mΓ¥»[22m 
TestBedImpl.configureTestingModule 
node_modules/@angular/core/fesm2022
/testing.mjs:[2m1273:33[22m[39m
[36m [2mΓ¥»[22m src/app/presenta
tion/pages/dashboard/dashboard.page
.integration.spec.ts:[2m73:19[22m
[39m
    [90m 71| [39m
    [90m 72| [39m  [34mbeforeEac
h[39m([35masync[39m () 
[33m=>[39m {
    [90m 73| [39m    
[35mawait[39m [33mTestBed[39m[
33m.[39m[34mconfigureTestingModul
e[39m({
    [90m   | [39m                
  [31m^[39m
    [90m 74| [39m      
imports[33m:[39m [[33mDashboardP
age[39m][33m,[39m
    [90m 75| [39m      
providers[33m:[39m [

[31m[2mΓÄ»ΓÄ»ΓÄ»ΓÄ»ΓÄ»ΓÄ»ΓÄ»ΓÄ»ΓÄ
»ΓÄ»ΓÄ»ΓÄ»ΓÄ»ΓÄ»ΓÄ»ΓÄ»ΓÄ»ΓÄ»ΓÄ»ΓÄ»Γ
Ä»ΓÄ»ΓÄ»ΓÄ»[1/5]ΓÄ»[22m[39m


[2m Test Files [22m [1m[31m1 failed[39m[22m[90m (1)[39m
[2m      Tests [22m [1m[31m5 failed[39m[22m[90m (5)[39m
[2m   Start at [22m 13:03:31
[2m   Duration [22m 2.38s[2m (transform 376ms, setup 225ms, import 1.61s, tests 7ms, environment 428ms)[22m

